Archive member included because of file (symbol)

c:/program files (x86)/atmel/atmel toolchain/avr8 gcc/native/3.4.1061/avr8-gnu-toolchain/bin/../lib/gcc/avr/4.8.1/../../../../avr/lib\libpololu_atmega1284p.a(OrangutanLCD.o)
                              main.o (clear)
c:/program files (x86)/atmel/atmel toolchain/avr8 gcc/native/3.4.1061/avr8-gnu-toolchain/bin/../lib/gcc/avr/4.8.1/../../../../avr/lib\libpololu_atmega1284p.a(OrangutanSerial.o)
                              menu.o (serial_get_received_bytes)
c:/program files (x86)/atmel/atmel toolchain/avr8 gcc/native/3.4.1061/avr8-gnu-toolchain/bin/../lib/gcc/avr/4.8.1/../../../../avr/lib\libpololu_atmega1284p.a(OrangutanTime.o)
                              main.o (delay_ms)
c:/program files (x86)/atmel/atmel toolchain/avr8 gcc/native/3.4.1061/avr8-gnu-toolchain/bin/../lib/gcc/avr/4.8.1/../../../../avr/lib\libpololu_atmega1284p.a(OrangutanSVP.o)
                              c:/program files (x86)/atmel/atmel toolchain/avr8 gcc/native/3.4.1061/avr8-gnu-toolchain/bin/../lib/gcc/avr/4.8.1/../../../../avr/lib\libpololu_atmega1284p.a(OrangutanSerial.o) (_ZN12OrangutanSVP11getNextByteEv)
c:/program files (x86)/atmel/atmel toolchain/avr8 gcc/native/3.4.1061/avr8-gnu-toolchain/bin/../lib/gcc/avr/4.8.1/../../../../avr/lib\libpololu_atmega1284p.a(OrangutanSPIMaster.o)
                              c:/program files (x86)/atmel/atmel toolchain/avr8 gcc/native/3.4.1061/avr8-gnu-toolchain/bin/../lib/gcc/avr/4.8.1/../../../../avr/lib\libpololu_atmega1284p.a(OrangutanSVP.o) (_ZN18OrangutanSPIMaster16transmitAndDelayEhh)
c:/program files (x86)/atmel/atmel toolchain/avr8 gcc/native/3.4.1061/avr8-gnu-toolchain/bin/../lib/gcc/avr/4.8.1/../../../../avr/lib/avr51\libm.a(addsf3.o)
                              main.o (__subsf3)
c:/program files (x86)/atmel/atmel toolchain/avr8 gcc/native/3.4.1061/avr8-gnu-toolchain/bin/../lib/gcc/avr/4.8.1/../../../../avr/lib/avr51\libm.a(addsf3x.o)
                              c:/program files (x86)/atmel/atmel toolchain/avr8 gcc/native/3.4.1061/avr8-gnu-toolchain/bin/../lib/gcc/avr/4.8.1/../../../../avr/lib/avr51\libm.a(addsf3.o) (__addsf3x)
c:/program files (x86)/atmel/atmel toolchain/avr8 gcc/native/3.4.1061/avr8-gnu-toolchain/bin/../lib/gcc/avr/4.8.1/../../../../avr/lib/avr51\libm.a(cmpsf2.o)
                              menu.o (__eqsf2)
c:/program files (x86)/atmel/atmel toolchain/avr8 gcc/native/3.4.1061/avr8-gnu-toolchain/bin/../lib/gcc/avr/4.8.1/../../../../avr/lib/avr51\libm.a(divsf3.o)
                              main.o (__divsf3)
c:/program files (x86)/atmel/atmel toolchain/avr8 gcc/native/3.4.1061/avr8-gnu-toolchain/bin/../lib/gcc/avr/4.8.1/../../../../avr/lib/avr51\libm.a(divsf3x.o)
                              c:/program files (x86)/atmel/atmel toolchain/avr8 gcc/native/3.4.1061/avr8-gnu-toolchain/bin/../lib/gcc/avr/4.8.1/../../../../avr/lib/avr51\libm.a(divsf3.o) (__divsf3x)
c:/program files (x86)/atmel/atmel toolchain/avr8 gcc/native/3.4.1061/avr8-gnu-toolchain/bin/../lib/gcc/avr/4.8.1/../../../../avr/lib/avr51\libm.a(fixsfsi.o)
                              main.o (__fixsfsi)
c:/program files (x86)/atmel/atmel toolchain/avr8 gcc/native/3.4.1061/avr8-gnu-toolchain/bin/../lib/gcc/avr/4.8.1/../../../../avr/lib/avr51\libm.a(fixunssfsi.o)
                              c:/program files (x86)/atmel/atmel toolchain/avr8 gcc/native/3.4.1061/avr8-gnu-toolchain/bin/../lib/gcc/avr/4.8.1/../../../../avr/lib/avr51\libm.a(fixsfsi.o) (__fixunssfsi)
c:/program files (x86)/atmel/atmel toolchain/avr8 gcc/native/3.4.1061/avr8-gnu-toolchain/bin/../lib/gcc/avr/4.8.1/../../../../avr/lib/avr51\libm.a(floatsisf.o)
                              main.o (__floatsisf)
c:/program files (x86)/atmel/atmel toolchain/avr8 gcc/native/3.4.1061/avr8-gnu-toolchain/bin/../lib/gcc/avr/4.8.1/../../../../avr/lib/avr51\libm.a(fp_cmp.o)
                              c:/program files (x86)/atmel/atmel toolchain/avr8 gcc/native/3.4.1061/avr8-gnu-toolchain/bin/../lib/gcc/avr/4.8.1/../../../../avr/lib/avr51\libm.a(cmpsf2.o) (__fp_cmp)
c:/program files (x86)/atmel/atmel toolchain/avr8 gcc/native/3.4.1061/avr8-gnu-toolchain/bin/../lib/gcc/avr/4.8.1/../../../../avr/lib/avr51\libm.a(fp_inf.o)
                              c:/program files (x86)/atmel/atmel toolchain/avr8 gcc/native/3.4.1061/avr8-gnu-toolchain/bin/../lib/gcc/avr/4.8.1/../../../../avr/lib/avr51\libm.a(addsf3x.o) (__fp_inf)
c:/program files (x86)/atmel/atmel toolchain/avr8 gcc/native/3.4.1061/avr8-gnu-toolchain/bin/../lib/gcc/avr/4.8.1/../../../../avr/lib/avr51\libm.a(fp_nan.o)
                              c:/program files (x86)/atmel/atmel toolchain/avr8 gcc/native/3.4.1061/avr8-gnu-toolchain/bin/../lib/gcc/avr/4.8.1/../../../../avr/lib/avr51\libm.a(addsf3x.o) (__fp_nan)
c:/program files (x86)/atmel/atmel toolchain/avr8 gcc/native/3.4.1061/avr8-gnu-toolchain/bin/../lib/gcc/avr/4.8.1/../../../../avr/lib/avr51\libm.a(fp_pscA.o)
[...]
Memory Configuration

Name             Origin             Length             Attributes
text             0x00000000         0x00020000         xr
data             0x00800100         0x0000ff00         rw !x
eeprom           0x00810000         0x00010000         rw !x
fuse             0x00820000         0x00000400         rw !x
lock             0x00830000         0x00000400         rw !x
signature        0x00840000         0x00000400         rw !x
user_signatures  0x00850000         0x00000400         rw !x
*default*        0x00000000         0xffffffff

Linker script and memory map

Address of section .data set to 0x800100
LOAD c:/program files (x86)/atmel/atmel toolchain/avr8 gcc/native/3.4.1061/avr8-gnu-toolchain/bin/../lib/gcc/avr/4.8.1/../../../../avr/lib/avr51/crtm1284p.o
LOAD main.o
LOAD menu.o
LOAD motors.o
LOAD timers.o
START GROUP
LOAD c:/program files (x86)/atmel/atmel toolchain/avr8 gcc/native/3.4.1061/avr8-gnu-toolchain/bin/../lib/gcc/avr/4.8.1/../../../../avr/lib\libpololu_atmega1284p.a
LOAD c:/program files (x86)/atmel/atmel toolchain/avr8 gcc/native/3.4.1061/avr8-gnu-toolchain/bin/../lib/gcc/avr/4.8.1/../../../../avr/lib/avr51\libm.a
END GROUP
LOAD c:/program files (x86)/atmel/atmel toolchain/avr8 gcc/native/3.4.1061/avr8-gnu-toolchain/bin/../lib/gcc/avr/4.8.1/../../../../avr/lib\libpololu_atmega1284p.a
LOAD c:/program files (x86)/atmel/atmel toolchain/avr8 gcc/native/3.4.1061/avr8-gnu-toolchain/bin/../lib/gcc/avr/4.8.1/../../../../avr/lib/avr51\libprintf_flt.a
LOAD c:/program files (x86)/atmel/atmel toolchain/avr8 gcc/native/3.4.1061/avr8-gnu-toolchain/bin/../lib/gcc/avr/4.8.1/../../../../avr/lib/avr51\libm.a
LOAD c:/program files (x86)/atmel/atmel toolchain/avr8 gcc/native/3.4.1061/avr8-gnu-toolchain/bin/../lib/gcc/avr/4.8.1/../../../../avr/lib/avr51\libscanf_flt.a
LOAD c:/program files (x86)/atmel/atmel toolchain/avr8 gcc/native/3.4.1061/avr8-gnu-toolchain/bin/../lib/gcc/avr/4.8.1/../../../../avr/lib/avr51\libm.a
START GROUP
LOAD c:/program files (x86)/atmel/atmel toolchain/avr8 gcc/native/3.4.1061/avr8-gnu-toolchain/bin/../lib/gcc/avr/4.8.1/avr51\libgcc.a
LOAD c:/program files (x86)/atmel/atmel toolchain/avr8 gcc/native/3.4.1061/avr8-gnu-toolchain/bin/../lib/gcc/avr/4.8.1/../../../../avr/lib/avr51\libm.a
LOAD c:/program files (x86)/atmel/atmel toolchain/avr8 gcc/native/3.4.1061/avr8-gnu-toolchain/bin/../lib/gcc/avr/4.8.1/../../../../avr/lib/avr51\libc.a
END GROUP

.hash
 *(.hash)

.dynsym
 *(.dynsym)

.dynstr
 *(.dynstr)

.gnu.version
 *(.gnu.version)

.gnu.version_d
 *(.gnu.version_d)

.gnu.version_r
 *(.gnu.version_r)

.rel.init
 *(.rel.init)

.rela.init
 *(.rela.init)

.rel.text
 *(.rel.text)
 *(.rel.text.*)
 *(.rel.gnu.linkonce.t*)

.rela.text
 *(.rela.text)
 *(.rela.text.*)
 *(.rela.gnu.linkonce.t*)

.rel.fini
 *(.rel.fini)

.rela.fini
 *(.rela.fini)

.rel.rodata
 *(.rel.rodata)
 *(.rel.rodata.*)
 *(.rel.gnu.linkonce.r*)

.rela.rodata
 *(.rela.rodata)
 *(.rela.rodata.*)
 *(.rela.gnu.linkonce.r*)

.rel.data
 *(.rel.data)
 *(.rel.data.*)
 *(.rel.gnu.linkonce.d*)

.rela.data
 *(.rela.data)
 *(.rela.data.*)
 *(.rela.gnu.linkonce.d*)

.rel.ctors
 *(.rel.ctors)

.rela.ctors
 *(.rela.ctors)

.rel.dtors
 *(.rel.dtors)

.rela.dtors
 *(.rela.dtors)

.rel.got
 *(.rel.got)

.rela.got
 *(.rela.got)

.rel.bss
 *(.rel.bss)

.rela.bss
 *(.rela.bss)

.rel.plt
 *(.rel.plt)

.rela.plt
 *(.rela.plt)

.text           0x00000000     0x4206
 *(.vectors)
 .vectors       0x00000000       0x8c c:/program files (x86)/atmel/atmel toolchain/avr8 gcc/native/3.4.1061/avr8-gnu-toolchain/bin/../lib/gcc/avr/4.8.1/../../../../avr/lib/avr51/crtm1284p.o
                0x00000000                __vector_default
                0x00000000                __vectors
 *(.vectors)
 *(.progmem.gcc*)
 .progmem.gcc_sw_table.process_received_string
                0x0000008c       0x70 menu.o
                0x000000fc                . = ALIGN (0x2)
                0x000000fc                __trampolines_start = .
 *(.trampolines)
 .trampolines   0x000000fc        0x0 linker stubs
 *(.trampolines*)
                0x000000fc                __trampolines_end = .
 *(.progmem*)
 .progmem.data  0x000000fc        0x8 c:/program files (x86)/atmel/atmel toolchain/avr8 gcc/native/3.4.1061/avr8-gnu-toolchain/bin/../lib/gcc/avr/4.8.1/../../../../avr/lib/avr51\libprintf_flt.a(vfprintf_flt.o)
 .progmem.data  0x00000104       0x4d c:/program files (x86)/atmel/atmel toolchain/avr8 gcc/native/3.4.1061/avr8-gnu-toolchain/bin/../lib/gcc/avr/4.8.1/../../../../avr/lib/avr51\libscanf_flt.a(vfscanf_flt.o)
 .progmem.data  0x00000151       0xfa c:/program files (x86)/atmel/atmel toolchain/avr8 gcc/native/3.4.1061/avr8-gnu-toolchain/bin/../lib/gcc/avr/4.8.1/../../../../avr/lib/avr51\libc.a(ftoa_engine.o)
                0x0000024c                . = ALIGN (0x2)
 *fill*         0x0000024b        0x1 
 *(.jumptables)
 *(.jumptables*)
 *(.lowtext)
 *(.lowtext*)
                0x0000024c                __ctors_start = .
 *(.ctors)
                0x0000024c                __ctors_end = .
                0x0000024c                __dtors_start = .
 *(.dtors)
                0x0000024c                __dtors_end = .
 SORT(*)(.ctors)
 SORT(*)(.dtors)
 *(.init0)
 .init0         0x0000024c        0x0 c:/program files (x86)/atmel/atmel toolchain/avr8 gcc/native/3.4.1061/avr8-gnu-toolchain/bin/../lib/gcc/avr/4.8.1/../../../../avr/lib/avr51/crtm1284p.o
                0x0000024c                __init
 *(.init0)
 *(.init1)
 *(.init1)
 *(.init2)
 .init2         0x0000024c        0xc c:/program files (x86)/atmel/atmel toolchain/avr8 gcc/native/3.4.1061/avr8-gnu-toolchain/bin/../lib/gcc/avr/4.8.1/../../../../avr/lib/avr51/crtm1284p.o
 *(.init2)
 *(.init3)
 *(.init3)
 *(.init4)
 .init4         0x00000258       0x1a c:/program files (x86)/atmel/atmel toolchain/avr8 gcc/native/3.4.1061/avr8-gnu-toolchain/bin/../lib/gcc/avr/4.8.1/avr51\libgcc.a(_copy_data.o)
                0x00000258                __do_copy_data
 .init4         0x00000272       0x10 c:/program files (x86)/atmel/atmel toolchain/avr8 gcc/native/3.4.1061/avr8-gnu-toolchain/bin/../lib/gcc/avr/4.8.1/avr51\libgcc.a(_clear_bss.o)
                0x00000272                __do_clear_bss
 *(.init4)
 *(.init5)
 *(.init5)
 *(.init6)
 *(.init6)
 *(.init7)
 *(.init7)
 *(.init8)
 *(.init8)
 *(.init9)
 .init9         0x00000282        0x6 c:/program files (x86)/atmel/atmel toolchain/avr8 gcc/native/3.4.1061/avr8-gnu-toolchain/bin/../lib/gcc/avr/4.8.1/../../../../avr/lib/avr51/crtm1284p.o
 *(.init9)
 *(.text)
 .text          0x00000288        0x2 c:/program files (x86)/atmel/atmel toolchain/avr8 gcc/native/3.4.1061/avr8-gnu-toolchain/bin/../lib/gcc/avr/4.8.1/../../../../avr/lib/avr51/crtm1284p.o
                0x00000288                __vector_22
                0x00000288                __vector_1
                0x00000288                __vector_32
                0x00000288                __vector_34
                0x00000288                __vector_24
                0x00000288                __vector_12
                0x00000288                __bad_interrupt
                0x00000288                __vector_6
                0x00000288                __vector_31
                0x00000288                __vector_3
                0x00000288                __vector_23
                0x00000288                __vector_30
                0x00000288                __vector_25
                0x00000288                __vector_17
                0x00000288                __vector_19
                0x00000288                __vector_27
                0x00000288                __vector_5
                0x00000288                __vector_33
                0x00000288                __vector_4
                0x00000288                __vector_9
                0x00000288                __vector_2
                0x00000288                __vector_15
                0x00000288                __vector_8
                0x00000288                __vector_26
                0x00000288                __vector_14
                0x00000288                __vector_10
                0x00000288                __vector_16
                0x00000288                __vector_18
                0x0000028a                . = ALIGN (0x2)
 *(.text.*)
 .text.init_my_timers
                0x0000028a       0x40 main.o
                0x0000028a                init_my_timers
 .text.set_motor_speed
                0x000002ca       0x3c main.o
                0x000002ca                set_motor_speed
 .text.__vector_7
                0x00000306       0xb2 main.o
                0x00000306                __vector_7
 .text.__vector_13
                0x000003b8      0x5b2 main.o
                0x000003b8                __vector_13
 .text.prnt_mtr_vals
                0x0000096a       0xd2 main.o
                0x0000096a                prnt_mtr_vals
 .text.prnt_PID
                0x00000a3c       0x90 main.o
                0x00000a3c                prnt_PID
 .text.test_engine
                0x00000acc       0x22 main.o
                0x00000acc                test_engine
 .text.killMotor
                0x00000aee       0x3c main.o
                0x00000aee                killMotor
 .text.startup.main
                0x00000b2a      0x594 main.o
                0x00000b2a                main
 .text.wait_for_sending_to_finish
                0x000010be       0x10 menu.o
                0x000010be                wait_for_sending_to_finish
 .text.print_usb
                0x000010ce        0xc menu.o
                0x000010ce                print_usb
 .text.pre_print_usb
                0x000010da       0x4e menu.o
                0x000010da                pre_print_usb
 .text.print_menu
                0x00001128       0xa8 menu.o
                0x00001128                print_menu
 .text.init_menu
                0x000011d0       0x1e menu.o
                0x000011d0                init_menu
 .text.setVBasePIDs
                0x000011ee       0x4a menu.o
                0x000011ee                setVBasePIDs
 .text.setPBasePIDs
                0x00001238       0x4a menu.o
                0x00001238                setPBasePIDs
 .text.setTBasePIDs
                0x00001282       0x4a menu.o
                0x00001282                setTBasePIDs
 .text.resetPIDs
                0x000012cc       0x32 menu.o
                0x000012cc                resetPIDs
 .text.process_received_string
                0x000012fe      0x22c menu.o
                0x000012fe                process_received_string
 .text.check_for_new_bytes_received
                0x0000152a       0xa2 menu.o
                0x0000152a                check_for_new_bytes_received
 .text.void_getchar
                0x000015cc        0x6 c:/program files (x86)/atmel/atmel toolchain/avr8 gcc/native/3.4.1061/avr8-gnu-toolchain/bin/../lib/gcc/avr/4.8.1/../../../../avr/lib\libpololu_atmega1284p.a(OrangutanLCD.o)
                0x000015cc                void_getchar
 .text.delayMicroseconds.clone.0
                0x000015d2       0x14 c:/program files (x86)/atmel/atmel toolchain/avr8 gcc/native/3.4.1061/avr8-gnu-toolchain/bin/../lib/gcc/avr/4.8.1/../../../../avr/lib\libpololu_atmega1284p.a(OrangutanLCD.o)
 .text._ZN12OrangutanLCD8busyWaitEv
                0x000015e6       0x9a c:/program files (x86)/atmel/atmel toolchain/avr8 gcc/native/3.4.1061/avr8-gnu-toolchain/bin/../lib/gcc/avr/4.8.1/../../../../avr/lib\libpololu_atmega1284p.a(OrangutanLCD.o)
                0x000015e6                _ZN12OrangutanLCD8busyWaitEv
 .text._ZN12OrangutanLCD8sendDataEh
                0x00001680       0x1e c:/program files (x86)/atmel/atmel toolchain/avr8 gcc/native/3.4.1061/avr8-gnu-toolchain/bin/../lib/gcc/avr/4.8.1/../../../../avr/lib\libpololu_atmega1284p.a(OrangutanLCD.o)
                0x00001680                _ZN12OrangutanLCD8sendDataEh
 .text._ZN12OrangutanLCD4sendEhhh
                0x0000169e       0x4e c:/program files (x86)/atmel/atmel toolchain/avr8 gcc/native/3.4.1061/avr8-gnu-toolchain/bin/../lib/gcc/avr/4.8.1/../../../../avr/lib\libpololu_atmega1284p.a(OrangutanLCD.o)
                0x0000169e                _ZN12OrangutanLCD4sendEhhh
 .text._ZN12OrangutanLCD8send_cmdEh
                0x000016ec        0x6 c:/program files (x86)/atmel/atmel toolchain/avr8 gcc/native/3.4.1061/avr8-gnu-toolchain/bin/../lib/gcc/avr/4.8.1/../../../../avr/lib\libpololu_atmega1284p.a(OrangutanLCD.o)
                0x000016ec                _ZN12OrangutanLCD8send_cmdEh
 .text._ZN12OrangutanLCD9send_dataEh
                0x000016f2        0x6 c:/program files (x86)/atmel/atmel toolchain/avr8 gcc/native/3.4.1061/avr8-gnu-toolchain/bin/../lib/gcc/avr/4.8.1/../../../../avr/lib\libpololu_atmega1284p.a(OrangutanLCD.o)
                0x000016f2                _ZN12OrangutanLCD9send_dataEh
 .text._ZN12OrangutanLCD13send_4bit_cmdEh
                0x000016f8        0x6 c:/program files (x86)/atmel/atmel toolchain/avr8 gcc/native/3.4.1061/avr8-gnu-toolchain/bin/../lib/gcc/avr/4.8.1/../../../../avr/lib\libpololu_atmega1284p.a(OrangutanLCD.o)
                0x000016f8                _ZN12OrangutanLCD13send_4bit_cmdEh
 .text._ZN12OrangutanLCD5init2Ev
                0x000016fe       0x64 c:/program files (x86)/atmel/atmel toolchain/avr8 gcc/native/3.4.1061/avr8-gnu-toolchain/bin/../lib/gcc/avr/4.8.1/../../../../avr/lib\libpololu_atmega1284p.a(OrangutanLCD.o)
                0x000016fe                _ZN12OrangutanLCD5init2Ev
 .text._ZN12OrangutanLCD4initEv
                0x00001762       0x12 c:/program files (x86)/atmel/atmel toolchain/avr8 gcc/native/3.4.1061/avr8-gnu-toolchain/bin/../lib/gcc/avr/4.8.1/../../../../avr/lib\libpololu_atmega1284p.a(OrangutanLCD.o)
                0x00001762                _ZN12OrangutanLCD4initEv
 .text._ZN12OrangutanLCD5clearEv
                0x00001774       0x56 c:/program files (x86)/atmel/atmel toolchain/avr8 gcc/native/3.4.1061/avr8-gnu-toolchain/bin/../lib/gcc/avr/4.8.1/../../../../avr/lib\libpololu_atmega1284p.a(OrangutanLCD.o)
                0x00001774                _ZN12OrangutanLCD5clearEv
 .text.clear    0x000017ca        0x4 c:/program files (x86)/atmel/atmel toolchain/avr8 gcc/native/3.4.1061/avr8-gnu-toolchain/bin/../lib/gcc/avr/4.8.1/../../../../avr/lib\libpololu_atmega1284p.a(OrangutanLCD.o)
                0x000017ca                clear
 .text._ZN12OrangutanLCD6gotoXYEhh
                0x000017ce       0x3e c:/program files (x86)/atmel/atmel toolchain/avr8 gcc/native/3.4.1061/avr8-gnu-toolchain/bin/../lib/gcc/avr/4.8.1/../../../../avr/lib\libpololu_atmega1284p.a(OrangutanLCD.o)
                0x000017ce                _ZN12OrangutanLCD6gotoXYEhh
 .text.lcd_goto_xy
                0x0000180c        0x4 c:/program files (x86)/atmel/atmel toolchain/avr8 gcc/native/3.4.1061/avr8-gnu-toolchain/bin/../lib/gcc/avr/4.8.1/../../../../avr/lib\libpololu_atmega1284p.a(OrangutanLCD.o)
                0x0000180c                lcd_goto_xy
 .text.lcd_putchar
                0x00001810      0x214 c:/program files (x86)/atmel/atmel toolchain/avr8 gcc/native/3.4.1061/avr8-gnu-toolchain/bin/../lib/gcc/avr/4.8.1/../../../../avr/lib\libpololu_atmega1284p.a(OrangutanLCD.o)
                0x00001810                lcd_putchar
 .text._ZN12OrangutanLCD10initPrintfEv
                0x00001a24       0x8a c:/program files (x86)/atmel/atmel toolchain/avr8 gcc/native/3.4.1061/avr8-gnu-toolchain/bin/../lib/gcc/avr/4.8.1/../../../../avr/lib\libpololu_atmega1284p.a(OrangutanLCD.o)
                0x00001a24                _ZN12OrangutanLCD10initPrintfEv
 .text.lcd_init_printf
                0x00001aae        0x4 c:/program files (x86)/atmel/atmel toolchain/avr8 gcc/native/3.4.1061/avr8-gnu-toolchain/bin/../lib/gcc/avr/4.8.1/../../../../avr/lib\libpololu_atmega1284p.a(OrangutanLCD.o)
                0x00001aae                lcd_init_printf
 .text.serial_get_received_bytes
                0x00001ab2       0x20 c:/program files (x86)/atmel/atmel toolchain/avr8 gcc/native/3.4.1061/avr8-gnu-toolchain/bin/../lib/gcc/avr/4.8.1/../../../../avr/lib\libpololu_atmega1284p.a(OrangutanSerial.o)
                0x00001ab2                serial_get_received_bytes
 .text.serial_send_buffer_empty
                0x00001ad2       0x44 c:/program files (x86)/atmel/atmel toolchain/avr8 gcc/native/3.4.1061/avr8-gnu-toolchain/bin/../lib/gcc/avr/4.8.1/../../../../avr/lib\libpololu_atmega1284p.a(OrangutanSerial.o)
                0x00001ad2                serial_send_buffer_empty
 .text._ZN15OrangutanSerial21serial_rx_handle_byteEhh
                0x00001b16      0x14e c:/program files (x86)/atmel/atmel toolchain/avr8 gcc/native/3.4.1061/avr8-gnu-toolchain/bin/../lib/gcc/avr/4.8.1/../../../../avr/lib\libpololu_atmega1284p.a(OrangutanSerial.o)
                0x00001b16                _ZN15OrangutanSerial21serial_rx_handle_byteEhh
 .text._ZN15OrangutanSerial15serial_rx_checkEh
                0x00001c64      0x184 c:/program files (x86)/atmel/atmel toolchain/avr8 gcc/native/3.4.1061/avr8-gnu-toolchain/bin/../lib/gcc/avr/4.8.1/../../../../avr/lib\libpololu_atmega1284p.a(OrangutanSerial.o)
                0x00001c64                _ZN15OrangutanSerial15serial_rx_checkEh
 .text._ZN15OrangutanSerial14receive_inlineEhPchh
                0x00001de8       0xce c:/program files (x86)/atmel/atmel toolchain/avr8 gcc/native/3.4.1061/avr8-gnu-toolchain/bin/../lib/gcc/avr/4.8.1/../../../../avr/lib\libpololu_atmega1284p.a(OrangutanSerial.o)
                0x00001de8                _ZN15OrangutanSerial14receive_inlineEhPchh
 .text._ZN15OrangutanSerial11receiveRingEhPch
                0x00001eb6        0x4 c:/program files (x86)/atmel/atmel toolchain/avr8 gcc/native/3.4.1061/avr8-gnu-toolchain/bin/../lib/gcc/avr/4.8.1/../../../../avr/lib\libpololu_atmega1284p.a(OrangutanSerial.o)
                0x00001eb6                _ZN15OrangutanSerial11receiveRingEhPch
 .text.serial_receive_ring
                0x00001eba        0x4 c:/program files (x86)/atmel/atmel toolchain/avr8 gcc/native/3.4.1061/avr8-gnu-toolchain/bin/../lib/gcc/avr/4.8.1/../../../../avr/lib\libpololu_atmega1284p.a(OrangutanSerial.o)
                0x00001eba                serial_receive_ring
 .text.__vector_20
                0x00001ebe       0x54 c:/program files (x86)/atmel/atmel toolchain/avr8 gcc/native/3.4.1061/avr8-gnu-toolchain/bin/../lib/gcc/avr/4.8.1/../../../../avr/lib\libpololu_atmega1284p.a(OrangutanSerial.o)
                0x00001ebe                __vector_20
 .text.__vector_28
                0x00001f12       0x54 c:/program files (x86)/atmel/atmel toolchain/avr8 gcc/native/3.4.1061/avr8-gnu-toolchain/bin/../lib/gcc/avr/4.8.1/../../../../avr/lib\libpololu_atmega1284p.a(OrangutanSerial.o)
                0x00001f12                __vector_28
 .text._Z24uart_enable_tx_interrupth
                0x00001f66       0x16 c:/program files (x86)/atmel/atmel toolchain/avr8 gcc/native/3.4.1061/avr8-gnu-toolchain/bin/../lib/gcc/avr/4.8.1/../../../../avr/lib\libpololu_atmega1284p.a(OrangutanSerial.o)
                0x00001f66                _Z24uart_enable_tx_interrupth
 .text._Z25uart_disable_tx_interrupth
                0x00001f7c       0x16 c:/program files (x86)/atmel/atmel toolchain/avr8 gcc/native/3.4.1061/avr8-gnu-toolchain/bin/../lib/gcc/avr/4.8.1/../../../../avr/lib\libpololu_atmega1284p.a(OrangutanSerial.o)
                0x00001f7c                _Z25uart_disable_tx_interrupth
 .text._ZN15OrangutanSerial24uart_update_tx_interruptEh
                0x00001f92       0x8c c:/program files (x86)/atmel/atmel toolchain/avr8 gcc/native/3.4.1061/avr8-gnu-toolchain/bin/../lib/gcc/avr/4.8.1/../../../../avr/lib\libpololu_atmega1284p.a(OrangutanSerial.o)
                0x00001f92                _ZN15OrangutanSerial24uart_update_tx_interruptEh
 .text._ZN15OrangutanSerial15initUART_inlineEh
                0x0000201e       0x50 c:/program files (x86)/atmel/atmel toolchain/avr8 gcc/native/3.4.1061/avr8-gnu-toolchain/bin/../lib/gcc/avr/4.8.1/../../../../avr/lib\libpololu_atmega1284p.a(OrangutanSerial.o)
                0x0000201e                _ZN15OrangutanSerial15initUART_inlineEh
 .text._ZN15OrangutanSerial8initPortEh
                0x0000206e       0x14 c:/program files (x86)/atmel/atmel toolchain/avr8 gcc/native/3.4.1061/avr8-gnu-toolchain/bin/../lib/gcc/avr/4.8.1/../../../../avr/lib\libpololu_atmega1284p.a(OrangutanSerial.o)
                0x0000206e                _ZN15OrangutanSerial8initPortEh
 .text._ZN15OrangutanSerial11setBaudRateEhm
                0x00002082       0x64 c:/program files (x86)/atmel/atmel toolchain/avr8 gcc/native/3.4.1061/avr8-gnu-toolchain/bin/../lib/gcc/avr/4.8.1/../../../../avr/lib\libpololu_atmega1284p.a(OrangutanSerial.o)
                0x00002082                _ZN15OrangutanSerial11setBaudRateEhm
 .text.serial_set_baud_rate
                0x000020e6        0x4 c:/program files (x86)/atmel/atmel toolchain/avr8 gcc/native/3.4.1061/avr8-gnu-toolchain/bin/../lib/gcc/avr/4.8.1/../../../../avr/lib\libpololu_atmega1284p.a(OrangutanSerial.o)
                0x000020e6                serial_set_baud_rate
 .text._ZN15OrangutanSerial11uart_tx_isrEh
                0x000020ea       0xf4 c:/program files (x86)/atmel/atmel toolchain/avr8 gcc/native/3.4.1061/avr8-gnu-toolchain/bin/../lib/gcc/avr/4.8.1/../../../../avr/lib\libpololu_atmega1284p.a(OrangutanSerial.o)
                0x000020ea                _ZN15OrangutanSerial11uart_tx_isrEh
 .text._ZN15OrangutanSerial15serial_tx_checkEh
                0x000021de       0x4c c:/program files (x86)/atmel/atmel toolchain/avr8 gcc/native/3.4.1061/avr8-gnu-toolchain/bin/../lib/gcc/avr/4.8.1/../../../../avr/lib\libpololu_atmega1284p.a(OrangutanSerial.o)
                0x000021de                _ZN15OrangutanSerial15serial_tx_checkEh
 .text._ZN15OrangutanSerial5checkEv
                0x0000222a       0x18 c:/program files (x86)/atmel/atmel toolchain/avr8 gcc/native/3.4.1061/avr8-gnu-toolchain/bin/../lib/gcc/avr/4.8.1/../../../../avr/lib\libpololu_atmega1284p.a(OrangutanSerial.o)
                0x0000222a                _ZN15OrangutanSerial5checkEv
 .text.serial_check
                0x00002242        0x4 c:/program files (x86)/atmel/atmel toolchain/avr8 gcc/native/3.4.1061/avr8-gnu-toolchain/bin/../lib/gcc/avr/4.8.1/../../../../avr/lib\libpololu_atmega1284p.a(OrangutanSerial.o)
                0x00002242                serial_check
 .text._ZN15OrangutanSerial4sendEhPch
                0x00002246       0x64 c:/program files (x86)/atmel/atmel toolchain/avr8 gcc/native/3.4.1061/avr8-gnu-toolchain/bin/../lib/gcc/avr/4.8.1/../../../../avr/lib\libpololu_atmega1284p.a(OrangutanSerial.o)
                0x00002246                _ZN15OrangutanSerial4sendEhPch
 .text.serial_send
                0x000022aa        0x4 c:/program files (x86)/atmel/atmel toolchain/avr8 gcc/native/3.4.1061/avr8-gnu-toolchain/bin/../lib/gcc/avr/4.8.1/../../../../avr/lib\libpololu_atmega1284p.a(OrangutanSerial.o)
                0x000022aa                serial_send
 .text.__vector_21
                0x000022ae       0x50 c:/program files (x86)/atmel/atmel toolchain/avr8 gcc/native/3.4.1061/avr8-gnu-toolchain/bin/../lib/gcc/avr/4.8.1/../../../../avr/lib\libpololu_atmega1284p.a(OrangutanSerial.o)
                0x000022ae                __vector_21
 .text.__vector_29
                0x000022fe       0x50 c:/program files (x86)/atmel/atmel toolchain/avr8 gcc/native/3.4.1061/avr8-gnu-toolchain/bin/../lib/gcc/avr/4.8.1/../../../../avr/lib\libpololu_atmega1284p.a(OrangutanSerial.o)
                0x000022fe                __vector_29
 .text._ZN13OrangutanTime17delayMicrosecondsEj
                0x0000234e       0x10 c:/program files (x86)/atmel/atmel toolchain/avr8 gcc/native/3.4.1061/avr8-gnu-toolchain/bin/../lib/gcc/avr/4.8.1/../../../../avr/lib\libpololu_atmega1284p.a(OrangutanTime.o)
                0x0000234e                _ZN13OrangutanTime17delayMicrosecondsEj
 .text.__vector_11
                0x0000235e       0x74 c:/program files (x86)/atmel/atmel toolchain/avr8 gcc/native/3.4.1061/avr8-gnu-toolchain/bin/../lib/gcc/avr/4.8.1/../../../../avr/lib\libpololu_atmega1284p.a(OrangutanTime.o)
                0x0000235e                __vector_11
 .text._ZN13OrangutanTime17delayMillisecondsEj
                0x000023d2       0x1a c:/program files (x86)/atmel/atmel toolchain/avr8 gcc/native/3.4.1061/avr8-gnu-toolchain/bin/../lib/gcc/avr/4.8.1/../../../../avr/lib\libpololu_atmega1284p.a(OrangutanTime.o)
                0x000023d2                _ZN13OrangutanTime17delayMillisecondsEj
 .text.delay_ms
                0x000023ec        0x4 c:/program files (x86)/atmel/atmel toolchain/avr8 gcc/native/3.4.1061/avr8-gnu-toolchain/bin/../lib/gcc/avr/4.8.1/../../../../avr/lib\libpololu_atmega1284p.a(OrangutanTime.o)
                0x000023ec                delay_ms
 .text._ZN12OrangutanSVP11getNextByteEv
                0x000023f0        0x6 c:/program files (x86)/atmel/atmel toolchain/avr8 gcc/native/3.4.1061/avr8-gnu-toolchain/bin/../lib/gcc/avr/4.8.1/../../../../avr/lib\libpololu_atmega1284p.a(OrangutanSVP.o)
                0x000023f0                _ZN12OrangutanSVP11getNextByteEv
 .text._ZN12OrangutanSVP15serialReadStartEv
                0x000023f6        0x8 c:/program files (x86)/atmel/atmel toolchain/avr8 gcc/native/3.4.1061/avr8-gnu-toolchain/bin/../lib/gcc/avr/4.8.1/../../../../avr/lib\libpololu_atmega1284p.a(OrangutanSVP.o)
                0x000023f6                _ZN12OrangutanSVP15serialReadStartEv
 .text._ZN12OrangutanSVP17serialSendIfReadyEc
                0x000023fe       0x22 c:/program files (x86)/atmel/atmel toolchain/avr8 gcc/native/3.4.1061/avr8-gnu-toolchain/bin/../lib/gcc/avr/4.8.1/../../../../avr/lib\libpololu_atmega1284p.a(OrangutanSVP.o)
                0x000023fe                _ZN12OrangutanSVP17serialSendIfReadyEc
 .text.delayMicroseconds
                0x00002420       0x10 c:/program files (x86)/atmel/atmel toolchain/avr8 gcc/native/3.4.1061/avr8-gnu-toolchain/bin/../lib/gcc/avr/4.8.1/../../../../avr/lib\libpololu_atmega1284p.a(OrangutanSPIMaster.o)
 .text._ZN18OrangutanSPIMaster4initEhh
                0x00002430       0x4c c:/program files (x86)/atmel/atmel toolchain/avr8 gcc/native/3.4.1061/avr8-gnu-toolchain/bin/../lib/gcc/avr/4.8.1/../../../../avr/lib\libpololu_atmega1284p.a(OrangutanSPIMaster.o)
                0x00002430                _ZN18OrangutanSPIMaster4initEhh
 .text._ZN18OrangutanSPIMaster16transmitAndDelayEhh
                0x0000247c       0x46 c:/program files (x86)/atmel/atmel toolchain/avr8 gcc/native/3.4.1061/avr8-gnu-toolchain/bin/../lib/gcc/avr/4.8.1/../../../../avr/lib\libpololu_atmega1284p.a(OrangutanSPIMaster.o)
                0x0000247c                _ZN18OrangutanSPIMaster16transmitAndDelayEhh
 .text.avr-libc.fplib
                0x000024c2        0xa c:/program files (x86)/atmel/atmel toolchain/avr8 gcc/native/3.4.1061/avr8-gnu-toolchain/bin/../lib/gcc/avr/4.8.1/../../../../avr/lib/avr51\libm.a(addsf3.o)
                0x000024c2                __subsf3
                0x000024c4                __addsf3
 .text.avr-libc.fplib
                0x000024cc       0xc0 c:/program files (x86)/atmel/atmel toolchain/avr8 gcc/native/3.4.1061/avr8-gnu-toolchain/bin/../lib/gcc/avr/4.8.1/../../../../avr/lib/avr51\libm.a(addsf3x.o)
                0x000024e6                __addsf3x
 .text.avr-libc.fplib
                0x0000258c        0x8 c:/program files (x86)/atmel/atmel toolchain/avr8 gcc/native/3.4.1061/avr8-gnu-toolchain/bin/../lib/gcc/avr/4.8.1/../../../../avr/lib/avr51\libm.a(cmpsf2.o)
                0x0000258c                __nesf2
                0x0000258c                __eqsf2
                0x0000258c                __cmpsf2
                0x0000258c                __ltsf2
                0x0000258c                __lesf2
 .text.avr-libc.fplib
                0x00002594        0x4 c:/program files (x86)/atmel/atmel toolchain/avr8 gcc/native/3.4.1061/avr8-gnu-toolchain/bin/../lib/gcc/avr/4.8.1/../../../../avr/lib/avr51\libm.a(divsf3.o)
                0x00002594                __divsf3
 .text.avr-libc.fplib
                0x00002598       0xcc c:/program files (x86)/atmel/atmel toolchain/avr8 gcc/native/3.4.1061/avr8-gnu-toolchain/bin/../lib/gcc/avr/4.8.1/../../../../avr/lib/avr51\libm.a(divsf3x.o)
                0x000025ae                __divsf3x
                0x000025b2                __divsf3_pse
 .text.avr-libc.fplib
                0x00002664        0xa c:/program files (x86)/atmel/atmel toolchain/avr8 gcc/native/3.4.1061/avr8-gnu-toolchain/bin/../lib/gcc/avr/4.8.1/../../../../avr/lib/avr51\libm.a(fixsfsi.o)
                0x00002664                __fixsfsi
 .text.avr-libc.fplib
                0x0000266e       0x58 c:/program files (x86)/atmel/atmel toolchain/avr8 gcc/native/3.4.1061/avr8-gnu-toolchain/bin/../lib/gcc/avr/4.8.1/../../../../avr/lib/avr51\libm.a(fixunssfsi.o)
                0x0000266e                __fixunssfsi
 .text.avr-libc.fplib
                0x000026c6       0x7a c:/program files (x86)/atmel/atmel toolchain/avr8 gcc/native/3.4.1061/avr8-gnu-toolchain/bin/../lib/gcc/avr/4.8.1/../../../../avr/lib/avr51\libm.a(floatsisf.o)
                0x000026c6                __floatunsisf
                0x000026ca                __floatsisf
 .text.avr-libc.fplib
                0x00002740       0x48 c:/program files (x86)/atmel/atmel toolchain/avr8 gcc/native/3.4.1061/avr8-gnu-toolchain/bin/../lib/gcc/avr/4.8.1/../../../../avr/lib/avr51\libm.a(fp_cmp.o)
                0x00002740                __fp_cmp
 .text.avr-libc.fplib
                0x00002788        0xc c:/program files (x86)/atmel/atmel toolchain/avr8 gcc/native/3.4.1061/avr8-gnu-toolchain/bin/../lib/gcc/avr/4.8.1/../../../../avr/lib/avr51\libm.a(fp_inf.o)
                0x00002788                __fp_inf
 .text.avr-libc.fplib
                0x00002794        0x6 c:/program files (x86)/atmel/atmel toolchain/avr8 gcc/native/3.4.1061/avr8-gnu-toolchain/bin/../lib/gcc/avr/4.8.1/../../../../avr/lib/avr51\libm.a(fp_nan.o)
                0x00002794                __fp_nan
 .text.avr-libc.fplib
                0x0000279a        0xe c:/program files (x86)/atmel/atmel toolchain/avr8 gcc/native/3.4.1061/avr8-gnu-toolchain/bin/../lib/gcc/avr/4.8.1/../../../../avr/lib/avr51\libm.a(fp_pscA.o)
                0x0000279a                __fp_pscA
 .text.avr-libc.fplib
                0x000027a8        0xe c:/program files (x86)/atmel/atmel toolchain/avr8 gcc/native/3.4.1061/avr8-gnu-toolchain/bin/../lib/gcc/avr/4.8.1/../../../../avr/lib/avr51\libm.a(fp_pscB.o)
                0x000027a8                __fp_pscB
 .text.avr-libc.fplib
                0x000027b6       0x22 c:/program files (x86)/atmel/atmel toolchain/avr8 gcc/native/3.4.1061/avr8-gnu-toolchain/bin/../lib/gcc/avr/4.8.1/../../../../avr/lib/avr51\libm.a(fp_round.o)
                0x000027b6                __fp_round
 .text.avr-libc.fplib
                0x000027d8       0x44 c:/program files (x86)/atmel/atmel toolchain/avr8 gcc/native/3.4.1061/avr8-gnu-toolchain/bin/../lib/gcc/avr/4.8.1/../../../../avr/lib/avr51\libm.a(fp_split3.o)
                0x000027d8                __fp_split3
                0x000027e8                __fp_splitA
 .text.avr-libc.fplib
                0x0000281c        0xe c:/program files (x86)/atmel/atmel toolchain/avr8 gcc/native/3.4.1061/avr8-gnu-toolchain/bin/../lib/gcc/avr/4.8.1/../../../../avr/lib/avr51\libm.a(fp_zero.o)
                0x0000281c                __fp_zero
                0x0000281e                __fp_szero
 .text.avr-libc.fplib
                0x0000282a        0x8 c:/program files (x86)/atmel/atmel toolchain/avr8 gcc/native/3.4.1061/avr8-gnu-toolchain/bin/../lib/gcc/avr/4.8.1/../../../../avr/lib/avr51\libm.a(gesf2.o)
                0x0000282a                __gesf2
                0x0000282a                __gtsf2
 .text.avr-libc.fplib
                0x00002832        0x4 c:/program files (x86)/atmel/atmel toolchain/avr8 gcc/native/3.4.1061/avr8-gnu-toolchain/bin/../lib/gcc/avr/4.8.1/../../../../avr/lib/avr51\libm.a(mulsf3.o)
                0x00002832                __mulsf3
 .text.avr-libc.fplib
                0x00002836       0xc2 c:/program files (x86)/atmel/atmel toolchain/avr8 gcc/native/3.4.1061/avr8-gnu-toolchain/bin/../lib/gcc/avr/4.8.1/../../../../avr/lib/avr51\libm.a(mulsf3x.o)
                0x0000284a                __mulsf3x
                0x0000284e                __mulsf3_pse
 .text.avr-libc
                0x000028f8      0x740 c:/program files (x86)/atmel/atmel toolchain/avr8 gcc/native/3.4.1061/avr8-gnu-toolchain/bin/../lib/gcc/avr/4.8.1/../../../../avr/lib/avr51\libprintf_flt.a(vfprintf_flt.o)
                0x000028f8                vfprintf
 .text.avr-libc
                0x00003038      0x8e0 c:/program files (x86)/atmel/atmel toolchain/avr8 gcc/native/3.4.1061/avr8-gnu-toolchain/bin/../lib/gcc/avr/4.8.1/../../../../avr/lib/avr51\libscanf_flt.a(vfscanf_flt.o)
                0x00003690                vfscanf
 .text.libgcc.mul
                0x00003918       0x1e c:/program files (x86)/atmel/atmel toolchain/avr8 gcc/native/3.4.1061/avr8-gnu-toolchain/bin/../lib/gcc/avr/4.8.1/avr51\libgcc.a(_mulsi3.o)
                0x00003918                __mulsi3
 .text.libgcc.div
                0x00003936       0x44 c:/program files (x86)/atmel/atmel toolchain/avr8 gcc/native/3.4.1061/avr8-gnu-toolchain/bin/../lib/gcc/avr/4.8.1/avr51\libgcc.a(_udivmodsi4.o)
                0x00003936                __udivmodsi4
 .text.libgcc   0x0000397a        0xc c:/program files (x86)/atmel/atmel toolchain/avr8 gcc/native/3.4.1061/avr8-gnu-toolchain/bin/../lib/gcc/avr/4.8.1/avr51\libgcc.a(_tablejump.o)
                0x0000397a                __tablejump2__
                0x0000397e                __tablejump__
 .text.libgcc.mul
                0x00003986       0x14 c:/program files (x86)/atmel/atmel toolchain/avr8 gcc/native/3.4.1061/avr8-gnu-toolchain/bin/../lib/gcc/avr/4.8.1/avr51\libgcc.a(_muluhisi3.o)
                0x00003986                __muluhisi3
 .text.libgcc.prologue
                0x0000399a       0x38 c:/program files (x86)/atmel/atmel toolchain/avr8 gcc/native/3.4.1061/avr8-gnu-toolchain/bin/../lib/gcc/avr/4.8.1/avr51\libgcc.a(_prologue.o)
                0x0000399a                __prologue_saves__
 .text.libgcc.prologue
                0x000039d2       0x36 c:/program files (x86)/atmel/atmel toolchain/avr8 gcc/native/3.4.1061/avr8-gnu-toolchain/bin/../lib/gcc/avr/4.8.1/avr51\libgcc.a(_epilogue.o)
                0x000039d2                __epilogue_restores__
 .text.libgcc.mul
                0x00003a08       0x1e c:/program files (x86)/atmel/atmel toolchain/avr8 gcc/native/3.4.1061/avr8-gnu-toolchain/bin/../lib/gcc/avr/4.8.1/avr51\libgcc.a(_umulhisi3.o)
                0x00003a08                __umulhisi3
 .text.avr-libc
                0x00003a26      0x24e c:/program files (x86)/atmel/atmel toolchain/avr8 gcc/native/3.4.1061/avr8-gnu-toolchain/bin/../lib/gcc/avr/4.8.1/../../../../avr/lib/avr51\libc.a(malloc.o)
                0x00003a26                malloc
                0x00003b56                free
 .text.avr-libc
                0x00003c74      0x1b0 c:/program files (x86)/atmel/atmel toolchain/avr8 gcc/native/3.4.1061/avr8-gnu-toolchain/bin/../lib/gcc/avr/4.8.1/../../../../avr/lib/avr51\libc.a(ftoa_engine.o)
                0x00003c74                __ftoa_engine
 .text.avr-libc
                0x00003e24       0x10 c:/program files (x86)/atmel/atmel toolchain/avr8 gcc/native/3.4.1061/avr8-gnu-toolchain/bin/../lib/gcc/avr/4.8.1/../../../../avr/lib/avr51\libc.a(isspace.o)
                0x00003e24                isspace
 .text.avr-libc
                0x00003e34       0x10 c:/program files (x86)/atmel/atmel toolchain/avr8 gcc/native/3.4.1061/avr8-gnu-toolchain/bin/../lib/gcc/avr/4.8.1/../../../../avr/lib/avr51\libc.a(tolower.o)
                0x00003e34                tolower
 .text.avr-libc
                0x00003e44       0x16 c:/program files (x86)/atmel/atmel toolchain/avr8 gcc/native/3.4.1061/avr8-gnu-toolchain/bin/../lib/gcc/avr/4.8.1/../../../../avr/lib/avr51\libc.a(strchr_P.o)
                0x00003e44                strchr_P
 .text.avr-libc
                0x00003e5a       0x16 c:/program files (x86)/atmel/atmel toolchain/avr8 gcc/native/3.4.1061/avr8-gnu-toolchain/bin/../lib/gcc/avr/4.8.1/../../../../avr/lib/avr51\libc.a(strnlen_P.o)
                0x00003e5a                strnlen_P
 .text.avr-libc
                0x00003e70        0xe c:/program files (x86)/atmel/atmel toolchain/avr8 gcc/native/3.4.1061/avr8-gnu-toolchain/bin/../lib/gcc/avr/4.8.1/../../../../avr/lib/avr51\libc.a(strcpy.o)
                0x00003e70                strcpy
 .text.avr-libc
                0x00003e7e       0x16 c:/program files (x86)/atmel/atmel toolchain/avr8 gcc/native/3.4.1061/avr8-gnu-toolchain/bin/../lib/gcc/avr/4.8.1/../../../../avr/lib/avr51\libc.a(strnlen.o)
                0x00003e7e                strnlen
 .text.avr-libc
                0x00003e94       0x94 c:/program files (x86)/atmel/atmel toolchain/avr8 gcc/native/3.4.1061/avr8-gnu-toolchain/bin/../lib/gcc/avr/4.8.1/../../../../avr/lib/avr51\libc.a(fdevopen.o)
                0x00003e94                fdevopen
 .text.avr-libc
                0x00003f28       0x7c c:/program files (x86)/atmel/atmel toolchain/avr8 gcc/native/3.4.1061/avr8-gnu-toolchain/bin/../lib/gcc/avr/4.8.1/../../../../avr/lib/avr51\libc.a(fgetc.o)
                0x00003f28                fgetc
 .text.avr-libc
                0x00003fa4       0x64 c:/program files (x86)/atmel/atmel toolchain/avr8 gcc/native/3.4.1061/avr8-gnu-toolchain/bin/../lib/gcc/avr/4.8.1/../../../../avr/lib/avr51\libc.a(fputc.o)
                0x00003fa4                fputc
 .text.avr-libc
                0x00004008       0x24 c:/program files (x86)/atmel/atmel toolchain/avr8 gcc/native/3.4.1061/avr8-gnu-toolchain/bin/../lib/gcc/avr/4.8.1/../../../../avr/lib/avr51\libc.a(printf.o)
                0x00004008                printf
 .text.avr-libc
                0x0000402c       0x5e c:/program files (x86)/atmel/atmel toolchain/avr8 gcc/native/3.4.1061/avr8-gnu-toolchain/bin/../lib/gcc/avr/4.8.1/../../../../avr/lib/avr51\libc.a(sprintf.o)
                0x0000402c                sprintf
 .text.avr-libc
                0x0000408a       0x42 c:/program files (x86)/atmel/atmel toolchain/avr8 gcc/native/3.4.1061/avr8-gnu-toolchain/bin/../lib/gcc/avr/4.8.1/../../../../avr/lib/avr51\libc.a(sscanf.o)
                0x0000408a                sscanf
 .text.avr-libc
                0x000040cc       0x32 c:/program files (x86)/atmel/atmel toolchain/avr8 gcc/native/3.4.1061/avr8-gnu-toolchain/bin/../lib/gcc/avr/4.8.1/../../../../avr/lib/avr51\libc.a(ungetc.o)
                0x000040cc                ungetc
 .text.avr-libc
                0x000040fe       0xbc c:/program files (x86)/atmel/atmel toolchain/avr8 gcc/native/3.4.1061/avr8-gnu-toolchain/bin/../lib/gcc/avr/4.8.1/../../../../avr/lib/avr51\libc.a(ultoa_invert.o)
                0x000040fe                __ultoa_invert
 .text.avr-libc
                0x000041ba       0x34 c:/program files (x86)/atmel/atmel toolchain/avr8 gcc/native/3.4.1061/avr8-gnu-toolchain/bin/../lib/gcc/avr/4.8.1/../../../../avr/lib/avr51\libc.a(calloc.o)
                0x000041ba                calloc
 .text.avr-libc
                0x000041ee        0x6 c:/program files (x86)/atmel/atmel toolchain/avr8 gcc/native/3.4.1061/avr8-gnu-toolchain/bin/../lib/gcc/avr/4.8.1/../../../../avr/lib/avr51\libc.a(cty_isfalse.o)
                0x000041ee                __ctype_isfalse
                0x000041f2                __ctype_istrue
 .text.avr-libc
                0x000041f4        0xe c:/program files (x86)/atmel/atmel toolchain/avr8 gcc/native/3.4.1061/avr8-gnu-toolchain/bin/../lib/gcc/avr/4.8.1/../../../../avr/lib/avr51\libc.a(memset.o)
                0x000041f4                memset
                0x00004202                . = ALIGN (0x2)
 *(.fini9)
 .fini9         0x00004202        0x0 c:/program files (x86)/atmel/atmel toolchain/avr8 gcc/native/3.4.1061/avr8-gnu-toolchain/bin/../lib/gcc/avr/4.8.1/avr51\libgcc.a(_exit.o)
                0x00004202                _exit
                0x00004202                exit
 *(.fini9)
 *(.fini8)
 *(.fini8)
 *(.fini7)
 *(.fini7)
 *(.fini6)
 *(.fini6)
 *(.fini5)
 *(.fini5)
 *(.fini4)
 *(.fini4)
 *(.fini3)
 *(.fini3)
 *(.fini2)
 *(.fini2)
 *(.fini1)
 *(.fini1)
 *(.fini0)
 .fini0         0x00004202        0x4 c:/program files (x86)/atmel/atmel toolchain/avr8 gcc/native/3.4.1061/avr8-gnu-toolchain/bin/../lib/gcc/avr/4.8.1/avr51\libgcc.a(_exit.o)
 *(.fini0)
                0x00004206                _etext = .

.data           0x00800100      0x2c4 load address 0x00004206
                0x00800100                PROVIDE (__data_start, .)
 *(.data)
 .data          0x00800100        0x2 c:/program files (x86)/atmel/atmel toolchain/avr8 gcc/native/3.4.1061/avr8-gnu-toolchain/bin/../lib/gcc/avr/4.8.1/../../../../avr/lib\libpololu_atmega1284p.a(OrangutanLCD.o)
                0x00800100                numLCDRows
                0x00800101                numLCDCols
 .data          0x00800102       0x1e c:/program files (x86)/atmel/atmel toolchain/avr8 gcc/native/3.4.1061/avr8-gnu-toolchain/bin/../lib/gcc/avr/4.8.1/../../../../avr/lib\libpololu_atmega1284p.a(OrangutanSerial.o)
                0x00800102                _ZN15OrangutanSerial5portsE
 .data          0x00800120        0x6 c:/program files (x86)/atmel/atmel toolchain/avr8 gcc/native/3.4.1061/avr8-gnu-toolchain/bin/../lib/gcc/avr/4.8.1/../../../../avr/lib/avr51\libc.a(malloc.o)
                0x00800120                __malloc_heap_end
                0x00800122                __malloc_heap_start
                0x00800124                __malloc_margin
 *(.data*)
 .data.step     0x00800126        0x2 main.o
                0x00800126                step
 *(.rodata)
 *(.rodata*)
 .rodata.str1.1
                0x00800128      0x122 main.o
 .rodata.str1.1
                0x0080024a      0x179 menu.o
                                0x198 (size before relaxing)
 *(.gnu.linkonce.d*)
                0x008003c4                . = ALIGN (0x2)
 *fill*         0x008003c3        0x1 
                0x008003c4                _edata = .
                0x008003c4                PROVIDE (__data_end, .)

.bss            0x008003c4       0xdd
                0x008003c4                PROVIDE (__bss_start, .)
 *(.bss)
 .bss           0x008003c4        0x9 c:/program files (x86)/atmel/atmel toolchain/avr8 gcc/native/3.4.1061/avr8-gnu-toolchain/bin/../lib/gcc/avr/4.8.1/../../../../avr/lib\libpololu_atmega1284p.a(OrangutanLCD.o)
                0x008003c4                printf_chars
                0x008003c6                row
                0x008003c7                col
                0x008003c8                lcdTimeout
                0x008003cc                _ZZN12OrangutanLCD4initEvE11initialized
 .bss           0x008003cd        0x9 c:/program files (x86)/atmel/atmel toolchain/avr8 gcc/native/3.4.1061/avr8-gnu-toolchain/bin/../lib/gcc/avr/4.8.1/../../../../avr/lib\libpololu_atmega1284p.a(OrangutanSerial.o)
 .bss           0x008003d6        0xb c:/program files (x86)/atmel/atmel toolchain/avr8 gcc/native/3.4.1061/avr8-gnu-toolchain/bin/../lib/gcc/avr/4.8.1/../../../../avr/lib\libpololu_atmega1284p.a(OrangutanTime.o)
                0x008003d6                tickCount
                0x008003da                msCounter
                0x008003de                us_over_10
                0x008003e0                _ZZN13OrangutanTime4initEvE11initialized
 *(.bss*)
 .bss.integral.2562
                0x008003e1        0x4 main.o
 .bss.lasterror
                0x008003e5        0x4 main.o
                0x008003e5                lasterror
 .bss.RPM       0x008003e9        0x4 main.o
                0x008003e9                RPM
 .bss.derivative
                0x008003ed        0x4 main.o
                0x008003ed                derivative
 .bss.integral  0x008003f1        0x4 main.o
                0x008003f1                integral
 .bss.error     0x008003f5        0x4 main.o
                0x008003f5                error
 .bss.newMotorSpeed
                0x008003f9        0x2 main.o
                0x008003f9                newMotorSpeed
 .bss.motor1_speed
                0x008003fb        0x2 main.o
                0x008003fb                motor1_speed
 .bss.velocity  0x008003fd        0x1 main.o
                0x008003fd                velocity
 .bss.execTragectory
                0x008003fe        0x1 main.o
                0x008003fe                execTragectory
 .bss.Kd        0x008003ff        0x4 main.o
                0x008003ff                Kd
 .bss.Ki        0x00800403        0x4 main.o
                0x00800403                Ki
 .bss.Kp        0x00800407        0x4 main.o
                0x00800407                Kp
 .bss.Vm        0x0080040b        0x4 main.o
                0x0080040b                Vm
 .bss.Vr        0x0080040f        0x4 main.o
                0x0080040f                Vr
 .bss.Pm        0x00800413        0x4 main.o
                0x00800413                Pm
 .bss.Pr        0x00800417        0x4 main.o
                0x00800417                Pr
 .bss.lastStep  0x0080041b        0x2 main.o
                0x0080041b                lastStep
 .bss.timer1_cnt
                0x0080041d        0x4 main.o
                0x0080041d                timer1_cnt
 .bss.dbgLCD    0x00800421        0x1 main.o
                0x00800421                dbgLCD
 .bss.prntKs    0x00800422        0x1 main.o
                0x00800422                prntKs
 .bss.toggleLCD
                0x00800423        0x1 main.o
                0x00800423                toggleLCD
 .bss.logger_cnt
                0x00800424        0x2 main.o
                0x00800424                logger_cnt
 .bss.loggerUSB
                0x00800426        0x1 main.o
                0x00800426                loggerUSB
 .bss.logger    0x00800427        0x1 main.o
                0x00800427                logger
 .bss.clearLCD  0x00800428        0x1 main.o
                0x00800428                clearLCD
 .bss.global_last_m1b_val
                0x00800429        0x1 main.o
 .bss.global_last_m1a_val
                0x0080042a        0x1 main.o
 .bss.global_error_m1
                0x0080042b        0x1 main.o
 .bss.last_global_counts_m1
                0x0080042c        0x4 main.o
 .bss.global_counts_m1
                0x00800430        0x4 main.o
 .bss.received.2317
                0x00800434        0x2 menu.o
 *(COMMON)
 COMMON         0x00800436       0x61 menu.o
                0x00800436                receive_buffer
                0x00800466                receive_buffer_position
                0x00800467                send_buffer
 COMMON         0x00800497        0x4 c:/program files (x86)/atmel/atmel toolchain/avr8 gcc/native/3.4.1061/avr8-gnu-toolchain/bin/../lib/gcc/avr/4.8.1/../../../../avr/lib/avr51\libc.a(malloc.o)
                0x00800497                __brkval
                0x00800499                __flp
 COMMON         0x0080049b        0x6 c:/program files (x86)/atmel/atmel toolchain/avr8 gcc/native/3.4.1061/avr8-gnu-toolchain/bin/../lib/gcc/avr/4.8.1/../../../../avr/lib/avr51\libc.a(iob.o)
                0x0080049b                __iob
                0x008004a1                PROVIDE (__bss_end, .)
                0x00004206                __data_load_start = LOADADDR (.data)
                0x000044ca                __data_load_end = (__data_load_start + SIZEOF (.data))

.noinit         0x008004a1        0x0
                0x008004a1                PROVIDE (__noinit_start, .)
 *(.noinit*)
                0x008004a1                PROVIDE (__noinit_end, .)
                0x008004a1                _end = .
                0x008004a1                PROVIDE (__heap_start, .)

.eeprom         0x00810000        0x0
 *(.eeprom*)
                0x00810000                __eeprom_end = .

.fuse
 *(.fuse)
 *(.lfuse)
 *(.hfuse)
 *(.efuse)

.lock
 *(.lock*)

.signature
 *(.signature*)

.user_signatures
 *(.user_signatures*)

.stab           0x00000000     0x34bc
 *(.stab)
 .stab          0x00000000     0x132c c:/program files (x86)/atmel/atmel toolchain/avr8 gcc/native/3.4.1061/avr8-gnu-toolchain/bin/../lib/gcc/avr/4.8.1/../../../../avr/lib\libpololu_atmega1284p.a(OrangutanLCD.o)
                               0x207c (size before relaxing)
 .stab          0x0000132c     0x1254 c:/program files (x86)/atmel/atmel toolchain/avr8 gcc/native/3.4.1061/avr8-gnu-toolchain/bin/../lib/gcc/avr/4.8.1/../../../../avr/lib\libpololu_atmega1284p.a(OrangutanSerial.o)
                               0x1908 (size before relaxing)
 .stab          0x00002580      0x534 c:/program files (x86)/atmel/atmel toolchain/avr8 gcc/native/3.4.1061/avr8-gnu-toolchain/bin/../lib/gcc/avr/4.8.1/../../../../avr/lib\libpololu_atmega1284p.a(OrangutanTime.o)
                                0x978 (size before relaxing)
 .stab          0x00002ab4      0x498 c:/program files (x86)/atmel/atmel toolchain/avr8 gcc/native/3.4.1061/avr8-gnu-toolchain/bin/../lib/gcc/avr/4.8.1/../../../../avr/lib\libpololu_atmega1284p.a(OrangutanSVP.o)
                                0xe10 (size before relaxing)
 .stab          0x00002f4c      0x570 c:/program files (x86)/atmel/atmel toolchain/avr8 gcc/native/3.4.1061/avr8-gnu-toolchain/bin/../lib/gcc/avr/4.8.1/../../../../avr/lib\libpololu_atmega1284p.a(OrangutanSPIMaster.o)
                                0x6e4 (size before relaxing)

.stabstr        0x00000000     0x569f
 *(.stabstr)
 .stabstr       0x00000000     0x569f c:/program files (x86)/atmel/atmel toolchain/avr8 gcc/native/3.4.1061/avr8-gnu-toolchain/bin/../lib/gcc/avr/4.8.1/../../../../avr/lib\libpololu_atmega1284p.a(OrangutanLCD.o)

.stab.excl
 *(.stab.excl)

.stab.exclstr
 *(.stab.exclstr)

.stab.index
 *(.stab.index)

.stab.indexstr
 *(.stab.indexstr)

.comment        0x00000000       0x5c
 *(.comment)
 .comment       0x00000000       0x30 main.o
                                 0x31 (size before relaxing)
 .comment       0x00000000       0x31 menu.o
 .comment       0x00000030       0x2c c:/program files (x86)/atmel/atmel toolchain/avr8 gcc/native/3.4.1061/avr8-gnu-toolchain/bin/../lib/gcc/avr/4.8.1/../../../../avr/lib/avr51\libprintf_flt.a(vfprintf_flt.o)
                                 0x2d (size before relaxing)
 .comment       0x00000000       0x2d c:/program files (x86)/atmel/atmel toolchain/avr8 gcc/native/3.4.1061/avr8-gnu-toolchain/bin/../lib/gcc/avr/4.8.1/../../../../avr/lib/avr51\libscanf_flt.a(vfscanf_flt.o)
 .comment       0x00000000       0x31 c:/program files (x86)/atmel/atmel toolchain/avr8 gcc/native/3.4.1061/avr8-gnu-toolchain/bin/../lib/gcc/avr/4.8.1/../../../../avr/lib/avr51\libc.a(malloc.o)
 .comment       0x00000000       0x31 c:/program files (x86)/atmel/atmel toolchain/avr8 gcc/native/3.4.1061/avr8-gnu-toolchain/bin/../lib/gcc/avr/4.8.1/../../../../avr/lib/avr51\libc.a(fdevopen.o)
 .comment       0x00000000       0x31 c:/program files (x86)/atmel/atmel toolchain/avr8 gcc/native/3.4.1061/avr8-gnu-toolchain/bin/../lib/gcc/avr/4.8.1/../../../../avr/lib/avr51\libc.a(fgetc.o)
 .comment       0x00000000       0x31 c:/program files (x86)/atmel/atmel toolchain/avr8 gcc/native/3.4.1061/avr8-gnu-toolchain/bin/../lib/gcc/avr/4.8.1/../../../../avr/lib/avr51\libc.a(fputc.o)
 .comment       0x00000000       0x31 c:/program files (x86)/atmel/atmel toolchain/avr8 gcc/native/3.4.1061/avr8-gnu-toolchain/bin/../lib/gcc/avr/4.8.1/../../../../avr/lib/avr51\libc.a(iob.o)
 .comment       0x00000000       0x31 c:/program files (x86)/atmel/atmel toolchain/avr8 gcc/native/3.4.1061/avr8-gnu-toolchain/bin/../lib/gcc/avr/4.8.1/../../../../avr/lib/avr51\libc.a(printf.o)
 .comment       0x00000000       0x31 c:/program files (x86)/atmel/atmel toolchain/avr8 gcc/native/3.4.1061/avr8-gnu-toolchain/bin/../lib/gcc/avr/4.8.1/../../../../avr/lib/avr51\libc.a(sprintf.o)
 .comment       0x00000000       0x31 c:/program files (x86)/atmel/atmel toolchain/avr8 gcc/native/3.4.1061/avr8-gnu-toolchain/bin/../lib/gcc/avr/4.8.1/../../../../avr/lib/avr51\libc.a(sscanf.o)
 .comment       0x00000000       0x31 c:/program files (x86)/atmel/atmel toolchain/avr8 gcc/native/3.4.1061/avr8-gnu-toolchain/bin/../lib/gcc/avr/4.8.1/../../../../avr/lib/avr51\libc.a(ungetc.o)
 .comment       0x00000000       0x31 c:/program files (x86)/atmel/atmel toolchain/avr8 gcc/native/3.4.1061/avr8-gnu-toolchain/bin/../lib/gcc/avr/4.8.1/../../../../avr/lib/avr51\libc.a(calloc.o)

.note.gnu.build-id
 *(.note.gnu.build-id)

.debug
 *(.debug)

.line
 *(.line)

.debug_srcinfo
 *(.debug_srcinfo)

.debug_sfnames
 *(.debug_sfnames)

.debug_aranges  0x00000000       0xe8
 *(.debug_aranges)
 .debug_aranges
                0x00000000       0x70 main.o
 .debug_aranges
                0x00000070       0x78 menu.o

.debug_pubnames
 *(.debug_pubnames)

.debug_info     0x00000000     0x11f7
 *(.debug_info .gnu.linkonce.wi.*)
 .debug_info    0x00000000      0x9b4 main.o
 .debug_info    0x000009b4      0x843 menu.o

.debug_abbrev   0x00000000      0x543
 *(.debug_abbrev)
 .debug_abbrev  0x00000000      0x2d7 main.o
 .debug_abbrev  0x000002d7      0x26c menu.o

.debug_line     0x00000000      0x798
 *(.debug_line .debug_line.* .debug_line_end)
 .debug_line    0x00000000      0x4ac main.o
 .debug_line    0x000004ac      0x2ec menu.o

.debug_frame    0x00000000      0x388
 *(.debug_frame)
 .debug_frame   0x00000000      0x250 main.o
 .debug_frame   0x00000250      0x138 menu.o

.debug_str      0x00000000      0x529
 *(.debug_str)
 .debug_str     0x00000000      0x3de main.o
                                0x45c (size before relaxing)
 .debug_str     0x000003de      0x14b menu.o
                                0x3bc (size before relaxing)

.debug_loc      0x00000000      0xae0
 *(.debug_loc)
 .debug_loc     0x00000000      0x856 main.o
 .debug_loc     0x00000856      0x28a menu.o

.debug_macinfo
 *(.debug_macinfo)

.debug_weaknames
 *(.debug_weaknames)

.debug_funcnames
 *(.debug_funcnames)

.debug_typenames
 *(.debug_typenames)

.debug_varnames
 *(.debug_varnames)

.debug_pubtypes
 *(.debug_pubtypes)

.debug_ranges   0x00000000       0xc8
 *(.debug_ranges)
 .debug_ranges  0x00000000       0x60 main.o
 .debug_ranges  0x00000060       0x68 menu.o

.debug_macro
 *(.debug_macro)
OUTPUT(Lab_Assignment_2.elf elf32-avr)
LOAD linker stubs
